
> tesla-capital@0.1.0 build
> next build

   Γû▓ Next.js 15.5.3
   - Environments: .env.local
   - Experiments (use with caution):
     ┬╖ optimizePackageImports

   Creating an optimized production build ...
node.exe : 
[baseline-browser-mapping] 
The data in this module is 
over two months old.  To 
ensure accurate Baseline 
data, please update: `npm i b
aseline-browser-mapping@lates
t -D`
At line:1 char:1
+ & "C:\Program 
Files\nodejs/node.exe" 
"C:\Program 
Files\nodejs/node_mo ...
+ ~~~~~~~~~~~~~~~~~~~~~~~~~~~
~~~~~~~~~~~~~~~~~~~~~~~~~~~~~
~~~~~~~~~~~~~
    + CategoryInfo           
   : NotSpecified: ([baseli  
  ne-brows...ping@latest -   
 D`:String) [], RemoteExc    
eption
    + FullyQualifiedErrorId  
   : NativeCommandError
 

[1m[33mwarn[39m[22m - 
The class `ease-[cubic-bezier
(0.4,0,0.2,1)]` is ambiguous 
and matches multiple 
utilities.
[1m[33mwarn[39m[22m - If 
this is content and not a 
class, replace it with `ease-
&lsqb;cubic-bezier(0.4,0,0.2,
1)&rsqb;` to silence this 
warning.
 ΓÜá Compiled with warnings 
in 2.0min

./node_modules/pino/lib/tools
.js
Module not found: Can't 
resolve 'pino-pretty' in 'C:\
Users\HP\Desktop\MISHAEL_SEMA
_EKOM\Websites\tesla-capital\
node_modules\pino\lib'

Import trace for requested 
module:
./node_modules/pino/lib/tools
.js
./node_modules/pino/pino.js
./node_modules/@walletconnect
/logger/dist/index.es.js
./node_modules/@walletconnect
/universal-provider/dist/inde
x.es.js
./node_modules/@walletconnect
/solana-adapter/dist/core.js
./node_modules/@walletconnect
/solana-adapter/dist/adapter.
js
./node_modules/@solana/wallet
-adapter-walletconnect/lib/es
m/index.js
./node_modules/@solana/wallet
-adapter-wallets/lib/esm/inde
x.js
./src/contexts/WalletContext.
tsx

   Linting and checking validity of types ...

Failed to compile.

./src/app/api/auth/register/r
oute.ts
123:23  Warning: '_password' 
is assigned a value but 
never used.  @typescript-esli
nt/no-unused-vars
123:58  Warning: 
'_emailToken' is assigned a 
value but never used.  @types
cript-eslint/no-unused-vars

./src/app/api/investments/pro
cess-completed/route.ts
3:10  Warning: 'ObjectId' is 
defined but never used.  @typ
escript-eslint/no-unused-vars

./src/app/api/investments/pro
cess-daily-gains/route.ts
3:10  Warning: 'ObjectId' is 
defined but never used.  @typ
escript-eslint/no-unused-vars
64:15  Warning: Unused 
eslint-disable directive (no 
problems were reported from '
@typescript-eslint/no-explici
t-any').

./src/app/api/users/invest/ro
ute.ts
3:10  Warning: 'UserService' 
is defined but never used.  @
typescript-eslint/no-unused-v
ars

./src/app/api/users/lookup/ro
ute.ts
51:23  Warning: '_password' 
is assigned a value but 
never used.  @typescript-esli
nt/no-unused-vars
51:58  Warning: 
'_emailToken' is assigned a 
value but never used.  @types
cript-eslint/no-unused-vars
51:91  Warning: 
'_resetToken' is assigned a 
value but never used.  @types
cript-eslint/no-unused-vars

./src/app/api/users/profile/r
oute.ts
11:23  Warning: '_password' 
is assigned a value but 
never used.  @typescript-esli
nt/no-unused-vars
11:41  Warning: '_email' is 
assigned a value but never 
used.  @typescript-eslint/no-
unused-vars
11:58  Warning: '_isAdmin' 
is assigned a value but 
never used.  @typescript-esli
nt/no-unused-vars
11:78  Warning: '_isActive' 
is assigned a value but 
never used.  @typescript-esli
nt/no-unused-vars
11:99  Warning: '_userCode' 
is assigned a value but 
never used.  @typescript-esli
nt/no-unused-vars
11:115  Warning: '__id' is 
assigned a value but never 
used.  @typescript-eslint/no-
unused-vars

./src/app/api/users/[id]/rout
e.ts
14:17  Warning: '_password' 
is assigned a value but 
never used.  @typescript-esli
nt/no-unused-vars
15:14  Warning: '_email' is 
assigned a value but never 
used.  @typescript-eslint/no-
unused-vars
16:16  Warning: '_isAdmin' 
is assigned a value but 
never used.  @typescript-esli
nt/no-unused-vars
17:17  Warning: '_isActive' 
is assigned a value but 
never used.  @typescript-esli
nt/no-unused-vars
18:17  Warning: '_userCode' 
is assigned a value but 
never used.  @typescript-esli
nt/no-unused-vars
19:12  Warning: '__id' is 
assigned a value but never 
used.  @typescript-eslint/no-
unused-vars
42:23  Warning: '_p' is 
assigned a value but never 
used.  @typescript-eslint/no-
unused-vars
42:51  Warning: '_e' is 
assigned a value but never 
used.  @typescript-eslint/no-
unused-vars
42:75  Warning: '_r' is 
assigned a value but never 
used.  @typescript-eslint/no-
unused-vars

./src/app/reset-password/page
.tsx
90:14  Warning: 'error' is 
defined but never used.  @typ
escript-eslint/no-unused-vars

./src/app/reset-password/[tok
en]/page.tsx
22:10  Warning: 
'isValidating' is assigned a 
value but never used.  @types
cript-eslint/no-unused-vars
43:16  Warning: 'error' is 
defined but never used.  @typ
escript-eslint/no-unused-vars
119:14  Warning: 'error' is 
defined but never used.  @typ
escript-eslint/no-unused-vars

./src/app/verify-email/page.t
sx
38:16  Warning: 'error' is 
defined but never used.  @typ
escript-eslint/no-unused-vars

./src/components/admin/Newsle
tterManager.tsx
39:25  Error: Unexpected 
any. Specify a different 
type.  @typescript-eslint/no-
explicit-any

./src/components/admin/Suppor
tMessagesManager.tsx
4:45  Warning: 'Mail' is 
defined but never used.  @typ
escript-eslint/no-unused-vars
4:77  Warning: 'XCircle' is 
defined but never used.  @typ
escript-eslint/no-unused-vars
35:6  Warning: React Hook 
useEffect has a missing 
dependency: 
'fetchSupportMessages'. 
Either include it or remove 
the dependency array.  
react-hooks/exhaustive-deps

./src/components/dashboard/Ad
minSection.tsx
35:8  Warning: 
'NewsletterManager' is 
defined but never used.  @typ
escript-eslint/no-unused-vars
171:10  Warning: 
'isUploadingLogo' is 
assigned a value but never 
used.  @typescript-eslint/no-
unused-vars
1788:23  Warning: Using 
`<img>` could result in 
slower LCP and higher 
bandwidth. Consider using 
`<Image />` from 
`next/image` or a custom 
image loader to 
automatically optimize 
images. This may incur 
additional usage or cost 
from your provider. See: http
s://nextjs.org/docs/messages/
no-img-element  
@next/next/no-img-element
1794:23  Warning: Using 
`<img>` could result in 
slower LCP and higher 
bandwidth. Consider using 
`<Image />` from 
`next/image` or a custom 
image loader to 
automatically optimize 
images. This may incur 
additional usage or cost 
from your provider. See: http
s://nextjs.org/docs/messages/
no-img-element  
@next/next/no-img-element

./src/components/dashboard/De
positSection.tsx
6:18  Warning: 'CheckCircle' 
is defined but never used.  @
typescript-eslint/no-unused-v
ars
6:31  Warning: 'AlertCircle' 
is defined but never used.  @
typescript-eslint/no-unused-v
ars

./src/components/dashboard/In
vestmentProgressSection.tsx
65:38  Warning: 
'onUpgradePlan' is defined 
but never used.  @typescript-
eslint/no-unused-vars

./src/components/dashboard/Mo
neyTransferLogSection.tsx
3:10  Warning: 'History' is 
defined but never used.  @typ
escript-eslint/no-unused-vars

./src/components/dashboard/No
tificationsSection.tsx
5:16  Warning: 'CheckCircle' 
is defined but never used.  @
typescript-eslint/no-unused-v
ars

./src/components/dashboard/Pr
ofileSection.tsx
3:10  Warning: 'useState' is 
defined but never used.  @typ
escript-eslint/no-unused-vars
3:20  Warning: 'useEffect' 
is defined but never used.  @
typescript-eslint/no-unused-v
ars
7:11  Warning: 'user' is 
assigned a value but never 
used.  @typescript-eslint/no-
unused-vars

./src/components/dashboard/Su
pportSection.tsx
4:65  Warning: 'Globe' is 
defined but never used.  @typ
escript-eslint/no-unused-vars

./src/components/dashboard/Tr
ansactionLogSection.tsx
3:10  Warning: 'History' is 
defined but never used.  @typ
escript-eslint/no-unused-vars

./src/components/dashboard/Tr
ansferMoneySection.tsx
5:23  Warning: 'showError' 
is defined but never used.  @
typescript-eslint/no-unused-v
ars
77:6  Warning: React Hook 
useCallback has a missing 
dependency: 'isValidating'. 
Either include it or remove 
the dependency array.  
react-hooks/exhaustive-deps

./src/components/dashboard/Tw
oFactorSection.tsx
3:23  Warning: 'Smartphone' 
is defined but never used.  @
typescript-eslint/no-unused-v
ars
3:35  Warning: 'Key' is 
defined but never used.  @typ
escript-eslint/no-unused-vars

./src/components/dashboard/Un
ifiedLogsSection.tsx
11:3  Warning: 'Calendar' is 
defined but never used.  @typ
escript-eslint/no-unused-vars
13:3  Warning: 'User' is 
defined but never used.  @typ
escript-eslint/no-unused-vars
14:3  Warning: 'CreditCard' 
is defined but never used.  @
typescript-eslint/no-unused-v
ars
40:11  Warning: 'user' is 
assigned a value but never 
used.  @typescript-eslint/no-
unused-vars

./src/components/dashboard/Wi
thdrawSection.tsx
6:23  Warning: 'CheckCircle' 
is defined but never used.  @
typescript-eslint/no-unused-v
ars
6:36  Warning: 'AlertCircle' 
is defined but never used.  @
typescript-eslint/no-unused-v
ars
6:61  Warning: 'DollarSign' 
is defined but never used.  @
typescript-eslint/no-unused-v
ars
63:10  Warning: 
'validationErrors' is 
assigned a value but never 
used.  @typescript-eslint/no-
unused-vars
63:28  Warning: 
'setValidationErrors' is 
assigned a value but never 
used.  @typescript-eslint/no-
unused-vars

./src/components/DashboardLoa
der.tsx
11:11  Warning: 'user' is 
assigned a value but never 
used.  @typescript-eslint/no-
unused-vars
11:17  Warning: 
'userProfile' is assigned a 
value but never used.  @types
cript-eslint/no-unused-vars

./src/components/FeaturesSect
ion.tsx
12:3  Warning: 'CheckCircle' 
is defined but never used.  @
typescript-eslint/no-unused-v
ars
13:3  Warning: 'ArrowRight' 
is defined but never used.  @
typescript-eslint/no-unused-v
ars
15:3  Warning: 'ShieldCheck' 
is defined but never used.  @
typescript-eslint/no-unused-v
ars

./src/components/HeroSection.
tsx
29:6  Warning: React Hook 
useEffect has a missing 
dependency: 
'dynamicWords.length'. 
Either include it or remove 
the dependency array.  
react-hooks/exhaustive-deps

./src/components/InvestmentPl
ans.tsx
23:10  Warning: 
'selectedPaymentMethod' is 
assigned a value but never 
used.  @typescript-eslint/no-
unused-vars
23:33  Warning: 
'setSelectedPaymentMethod' 
is assigned a value but 
never used.  @typescript-esli
nt/no-unused-vars
32:10  Warning: 
'offlinePlans' is assigned a 
value but never used.  @types
cript-eslint/no-unused-vars
262:9  Warning: 
'paymentMethods' is assigned 
a value but never used.  @typ
escript-eslint/no-unused-vars
460:17  Error: Missing "key" 
prop for element in iterator 
 react/jsx-key

./src/components/ProtectedRou
te.tsx
7:19  Warning: 'Mail' is 
defined but never used.  @typ
escript-eslint/no-unused-vars
15:17  Warning: 
'userProfile' is assigned a 
value but never used.  @types
cript-eslint/no-unused-vars

./src/components/Testimonials
Section.tsx
51:7  Error: 'lines' is 
never reassigned. Use 
'const' instead.  
prefer-const
94:9  Error: 'step' is never 
reassigned. Use 'const' 
instead.  prefer-const
177:6  Warning: React Hook 
useMemo has a missing 
dependency: 'reviews'. 
Either include it or remove 
the dependency array.  
react-hooks/exhaustive-deps

./src/contexts/AuthContext.ts
x
126:6  Warning: React Hook 
useEffect has missing 
dependencies: 'startPolling' 
and 'stopPolling'. Either 
include them or remove the 
dependency array.  
react-hooks/exhaustive-deps

./src/hooks/useSwipe.ts
21:5  Warning: 'trackMouse' 
is assigned a value but 
never used.  @typescript-esli
nt/no-unused-vars
93:6  Warning: React Hook 
useEffect has missing 
dependencies: 
'handleTouchEnd' and 
'handleTouchMove'. Either 
include them or remove the 
dependency array.  
react-hooks/exhaustive-deps

./src/lib/auth/resetToken.ts
1:31  Warning: 'deleteDoc' 
is defined but never used.  @
typescript-eslint/no-unused-v
ars

./src/lib/notifications/Notif
icationService.ts
3:21  Warning: 
'emailTemplates' is defined 
but never used.  @typescript-
eslint/no-unused-vars

info  - Need to disable some 
ESLint rules? Learn more 
here: https://nextjs.org/docs
/app/api-reference/config/esl
int#disabling-rules
